// Jest Snapshot v1, https://goo.gl/fbAQLP

exports[`ModalActions Should render. 1`] = `undefined`;
